// Jest Snapshot v1, https://goo.gl/fbAQLP

exports[`renders correctly 1`] = `
<a
  className="normal"
  href="https://www.qq.com/"
  onMouseEnter={[Function]}
  onMouseLeave={[Function]}
>
  腾讯
</a>
`;

exports[`will fail every time 1`] = `
Object {
  "createdAt": Any<Date>,
  "id": Any<Number>,
  "name": "LeBron James",
}
`;
